﻿node : ΓÜá∩╕Å The 
printQRInTerminal 
option has been 
deprecated. You will 
no longer receive QR 
codes in the terminal 
automatically. Please 
listen to the 
connection.update 
event yourself and 
handle the QR your 
way. You can remove 
this message by 
removing this opttion. 
This message will be 
removed in a future 
version.
At line:1 char:1
+ node test_conn.js > 
test_output.txt 2>&1
+ ~~~~~~~~~~~~~~~~~~~~~
~~~~~~~~~~~~~~~~~~~
    + CategoryInfo     
         : NotSpecifi  
  ed: (ΓÜá∩╕Å The pr   
 in...future versio    
n.:String) [], Rem    
oteException
    + FullyQualifiedEr 
   rorId : NativeComm  
  andError
 
{"level":30,"time":"2026-03-01T19:37:36.595Z","pid":6828,"hostname":"PatrickEmechebe","class":"baileys","browser":["Ubuntu","Chrome","22.04.4"],"helloMsg":{"clientHello":{"ephemeral":"G/9qmeXRV32b+/ziSoaRTptDe2I9zmr19s3zwzV9MTk="}},"msg":"connected to WA"}

====================================
CONNECTION CLOSED ERROR DETAILS:
Status Code: undefined
Message: The "data" argument must be of type string or an instance of Buffer, TypedArray, or DataView. Received an instance of Object
Full Error Object: {
  "code": "ERR_INVALID_ARG_TYPE"
}
====================================

{"level":30,"time":"2026-03-01T19:37:36.774Z","pid":6828,"hostname":"PatrickEmechebe","class":"baileys","trace":"TypeError [ERR_INVALID_ARG_TYPE]: The \"data\" argument must be of type string or an instance of Buffer, TypedArray, or DataView. Received an instance of Object\n    at Cipheriv.update (node:internal/crypto/cipher:168:11)\n    at aesEncryptGCM (file:///C:/Users/CARET-021G/Desktop/nopdf/node_modules/@whiskeysockets/baileys/lib/Utils/crypto.js:46:34)\n    at encrypt (file:///C:/Users/CARET-021G/Desktop/nopdf/node_modules/@whiskeysockets/baileys/lib/Utils/noise-handler.js:19:24)\n    at Object.processHandshake (file:///C:/Users/CARET-021G/Desktop/nopdf/node_modules/@whiskeysockets/baileys/lib/Utils/noise-handler.js:89:28)\n    at async validateConnection (file:///C:/Users/CARET-021G/Desktop/nopdf/node_modules/@whiskeysockets/baileys/lib/Socket/socket.js:307:24)\n    at async WebSocketClient.<anonymous> (file:///C:/Users/CARET-021G/Desktop/nopdf/node_modules/@whiskeysockets/baileys/lib/Socket/socket.js:671:13)","msg":"connection errored"}
{"level":50,"time":"2026-03-01T19:37:36.773Z","pid":6828,"hostname":"PatrickEmechebe","class":"baileys","err":{"type":"TypeError","message":"The \"data\" argument must be of type string or an instance of Buffer, TypedArray, or DataView. Received an instance of Object","stack":"TypeError [ERR_INVALID_ARG_TYPE]: The \"data\" argument must be of type string or an instance of Buffer, TypedArray, or DataView. Received an instance of Object\n    at Cipheriv.update (node:internal/crypto/cipher:168:11)\n    at aesEncryptGCM (file:///C:/Users/CARET-021G/Desktop/nopdf/node_modules/@whiskeysockets/baileys/lib/Utils/crypto.js:46:34)\n    at encrypt (file:///C:/Users/CARET-021G/Desktop/nopdf/node_modules/@whiskeysockets/baileys/lib/Utils/noise-handler.js:19:24)\n    at Object.processHandshake (file:///C:/Users/CARET-021G/Desktop/nopdf/node_modules/@whiskeysockets/baileys/lib/Utils/noise-handler.js:89:28)\n    at async validateConnection (file:///C:/Users/CARET-021G/Desktop/nopdf/node_modules/@whiskeysockets/baileys/lib/Socket/socket.js:307:24)\n    at async WebSocketClient.<anonymous> (file:///C:/Users/CARET-021G/Desktop/nopdf/node_modules/@whiskeysockets/baileys/lib/Socket/socket.js:671:13)","code":"ERR_INVALID_ARG_TYPE"},"msg":"error in validating connection"}
